<?xml version="1.0" encoding="UTF-8"?><mappingRoot xmlns="http://www.ibm.com/2008/ccl/Mapping" domainID="com.ibm.msl.mapping.xml" domainIDExtension="mb" mainMap="true" targetNamespace="sk.refactorit.logging" version="8.0.5.0" xmlns:map="sk.refactorit.logging">
    <inlinedXMLSchema><![CDATA[<?xml version="1.0" encoding="UTF-8"?><xsd:schema xmlns:xsd="http://www.w3.org/2001/XMLSchema">
    <xsd:element name="isDebugEnabled" type="xsd:boolean"/>
</xsd:schema>]]></inlinedXMLSchema>
    <input path="jar:file://!com/ibm/etools/mft/map/xsds/assembly/Environment.xsd" var="var1"/>
    <input inlinedXMLSchema="true" path="../schema_0.xsd" var="var"/>
    <input inlinedXMLSchema="true" path="../schema_0.xsd" var="var2"/>
    <output path="jar:file://!com/ibm/etools/mft/map/xsds/assembly/Environment.xsd"/>
    <generation engine="xquery"/>
    <mappingDeclaration name="Logger_Extract_IsDebugEnabled">
        <input path="$var1/mb:env(Environment)">
            <cast castType="userDefined" path="Variables/any" qualifier="isDebugEnabled" ref="var"/>
        </input>
        <output path="mb:env(Environment)">
            <cast castType="userDefined" path="Variables/any" qualifier="isDebugEnabled" ref="var"/>
        </output>
        <passthrough>
            <input path="."/>
            <output path="."/>
            <updates>
                <expression>
                    <output path="Variables/isDebugEnabled"/>
                    <code lang="xpath">iib:getUserDefinedProperty("isDebugEnabled")</code>
                </expression>
            </updates>
        </passthrough>
    </mappingDeclaration>
</mappingRoot>