<?xml version="1.0" encoding="UTF-8"?><mappingRoot xmlns="http://www.ibm.com/2008/ccl/Mapping" domainID="com.ibm.msl.mapping.xml" domainIDExtension="mb" mainMap="true" targetNamespace="default" version="8.0.5.0" xmlns:map="default">
    <input path="jar:file://!com/ibm/etools/mft/map/xsds/predefined/JsonDomainMsg.xsd" var="var"/>
    <input derivedFrom="MB:JSON_schema_in_swagger_document" path="/openapi.json" var="var1"/>
    <output path="jar:file://!com/ibm/etools/mft/map/xsds/predefined/JsonDomainMsg.xsd" var="var4"/>
    <output derivedFrom="MB:JSON_schema_in_swagger_document" path="/openapi.json" var="var5"/>
    <generation engine="xquery"/>
    <mappingDeclaration name="postWebhooks_Received_Message_Mapping">
        <input namespace="http://www.ibm.com/iib/msl/json" path="$var/mb:msg(JSON,assembly,JSON,Properties)" var="MessageAssembly">
            <cast derivedFrom="MB:JSON_operation_request" path="$MessageAssembly/JSON/Data/type('anyType')" qualifier="{http://www.ibm.com/iib/msl/json}ReceivedMessage" ref="var1"/>
        </input>
        <output namespace="http://www.ibm.com/iib/msl/json" path="$var4/mb:msg(JSON,assembly,JSON,Properties)" var="MessageAssembly2">
            <cast derivedFrom="MB:JSON_operation_response" path="$MessageAssembly2/JSON/Data/type('anyType')" qualifier="{http://www.ibm.com/iib/msl/json}ErrorResponse" ref="var5"/>
        </output>
        <move>
            <input path="$MessageAssembly/Properties"/>
            <output path="$MessageAssembly2/Properties"/>
        </move>
        <move>
            <input path="$MessageAssembly/JSON/spath('Data',2)/entry/Item/changes/Item/value/contacts/Item/profile/name"/>
            <output path="$MessageAssembly2/JSON/spath('Data',2)/message"/>
        </move>
    </mappingDeclaration>
</mappingRoot>